Archive member included to satisfy reference by file (symbol)

C:/Program Files/Rowley Associates Limited/CrossWorks for ARM 4.8/lib/libc_v5te_a_le_eabi.a(libvfprintf.o)
                              (__vfprintf_float_long_long)
C:/Program Files/Rowley Associates Limited/CrossWorks for ARM 4.8/lib/libc_v5te_a_le_eabi.a(libvfscanf.o)
                              (__vfscanf_float_long_long_cc)
C:/Program Files/Rowley Associates Limited/CrossWorks for ARM 4.8/lib/libc_v5te_a_le_eabi.a(libc_asm.o)
                              C:/Program Files/Rowley Associates Limited/CrossWorks for ARM 4.8/lib/libc_v5te_a_le_eabi.a(libvfprintf.o) (__aeabi_uldivmod)
C:/Program Files/Rowley Associates Limited/CrossWorks for ARM 4.8/lib/libc_v5te_a_le_eabi.a(libc2.o)
                              C:/Program Files/Rowley Associates Limited/CrossWorks for ARM 4.8/lib/libc_v5te_a_le_eabi.a(libvfscanf.o) (__getc)
C:/Program Files/Rowley Associates Limited/CrossWorks for ARM 4.8/lib/libc_v5te_a_le_eabi.a(libc2_asm.o)
                              C:/Program Files/Rowley Associates Limited/CrossWorks for ARM 4.8/lib/libc_v5te_a_le_eabi.a(libc2.o) (memcpy)
C:/Program Files/Rowley Associates Limited/CrossWorks for ARM 4.8/lib/libc_v5te_a_le_eabi.a(libc.o)
                              C:/Program Files/Rowley Associates Limited/CrossWorks for ARM 4.8/lib/libc_v5te_a_le_eabi.a(libc2.o) (__heap_lock)
C:/Program Files/Rowley Associates Limited/CrossWorks for ARM 4.8/lib/libdebugio_v5te_a_le_eabi.a(libdebugio.o)
                              ethernet ARM Debug/crt0.o (debug_fopen)
C:/Program Files/Rowley Associates Limited/CrossWorks for ARM 4.8/lib/libdebugio_v5te_a_le_eabi.a(do_nv_debug_operation.o)
                              C:/Program Files/Rowley Associates Limited/CrossWorks for ARM 4.8/lib/libdebugio_v5te_a_le_eabi.a(libdebugio.o) (__do_nvdebug_operation)
C:/Program Files/Rowley Associates Limited/CrossWorks for ARM 4.8/lib/libdebugio_v5te_a_le_eabi.a(dcc_debug_operations.o)
                              (__do_debug_operation_dcc)
C:/Program Files/Rowley Associates Limited/CrossWorks for ARM 4.8/lib/libdebugio_v5te_a_le_eabi.a(libarm_run_dcc_port_server.o)
                              C:/Program Files/Rowley Associates Limited/CrossWorks for ARM 4.8/lib/libdebugio_v5te_a_le_eabi.a(dcc_debug_operations.o) (libarm_run_dcc_port_server)
C:/Program Files/Rowley Associates Limited/CrossWorks for ARM 4.8/lib/libdebugio_v5te_a_le_eabi.a(libarm_dcc_write.o)
                              C:/Program Files/Rowley Associates Limited/CrossWorks for ARM 4.8/lib/libdebugio_v5te_a_le_eabi.a(dcc_debug_operations.o) (libarm_dcc_write)
C:/Program Files/Rowley Associates Limited/CrossWorks for ARM 4.8/lib/libdebugio_v5te_a_le_eabi.a(libarm_dcc_read.o)
                              C:/Program Files/Rowley Associates Limited/CrossWorks for ARM 4.8/lib/libdebugio_v5te_a_le_eabi.a(libarm_run_dcc_port_server.o) (libarm_dcc_read)
C:/Program Files/Rowley Associates Limited/CrossWorks for ARM 4.8/lib/libarm_v5te_a_le_eabi.a(libarm.o)
                              ethernet ARM Debug/AT91SAM9_Startup.o (libarm_mmu_flat_initialise_level_1_table)
C:/Program Files/Rowley Associates Limited/CrossWorks for ARM 4.8/lib/libm_v5te_a_le_eabi.a(libm_asm.o)
                              C:/Program Files/Rowley Associates Limited/CrossWorks for ARM 4.8/lib/libc_v5te_a_le_eabi.a(libc2.o) (__aeabi_i2f)
C:/Program Files/Rowley Associates Limited/CrossWorks for ARM 4.8/lib/libm_v5te_a_le_eabi.a(libm2.o)
                              C:/Program Files/Rowley Associates Limited/CrossWorks for ARM 4.8/lib/libc_v5te_a_le_eabi.a(libvfprintf.o) (frexp)
C:/Program Files/Rowley Associates Limited/CrossWorks for ARM 4.8/lib/libm_v5te_a_le_eabi.a(libm2_asm.o)
                              C:/Program Files/Rowley Associates Limited/CrossWorks for ARM 4.8/lib/libm_v5te_a_le_eabi.a(libm2.o) (fabs)

Discarded input sections

 .text          0x0000000000000000        0x0 ethernet ARM Debug/crt0.o
 .data          0x0000000000000000        0x0 ethernet ARM Debug/crt0.o
 .bss           0x0000000000000000        0x0 ethernet ARM Debug/crt0.o
 .text.__aeabi_read_tp
                0x0000000000000000        0xc ethernet ARM Debug/crt0.o
 .text.abort    0x0000000000000000        0x4 ethernet ARM Debug/crt0.o
 .text.__assert
                0x0000000000000000        0x4 ethernet ARM Debug/crt0.o
 .text.__assert_func
                0x0000000000000000        0x4 ethernet ARM Debug/crt0.o
 .text.__aeabi_assert
                0x0000000000000000        0x4 ethernet ARM Debug/crt0.o
 .text.__sync_synchronize
                0x0000000000000000        0x4 ethernet ARM Debug/crt0.o
 .text.__getchar
                0x0000000000000000        0x4 ethernet ARM Debug/crt0.o
 .text.__putchar
                0x0000000000000000        0x4 ethernet ARM Debug/crt0.o
 .text.__open   0x0000000000000000        0x4 ethernet ARM Debug/crt0.o
 .text.__close  0x0000000000000000        0x4 ethernet ARM Debug/crt0.o
[...]
Memory Configuration

Name             Origin             Length             Attributes
UNPLACED_SECTIONS 0x0000000100000000 0x0000000000000000 xw
Peripherals      0x00000000f0000000 0x0000000010000000 xw
EBICS7           0x0000000080000000 0x0000000000000000 xw
EBICS6           0x0000000070000000 0x0000000000000000 xw
EBICS5           0x0000000060000000 0x0000000000000000 xw
EBICS4           0x0000000050000000 0x0000000000000000 xw
EBICS3           0x0000000040000000 0x0000000000000000 xw
EBICS2           0x0000000030000000 0x0000000000000000 xw
SDRAM            0x0000000020000000 0x0000000004000000 xw
EBICS0           0x0000000010000000 0x0000000000000000 xr
UHP              0x0000000000500000 0x0000000000004000 xw
SRAM1            0x0000000000300000 0x0000000000001000 xw
SRAM             0x0000000000200000 0x0000000000001000 xw
ROM              0x0000000000100000 0x0000000000008000 xw
Boot             0x0000000000000000 0x0000000000100000 xw
*default*        0x0000000000000000 0xffffffffffffffff

Linker script and memory map

                0x0000000000000000                __do_debug_operation = __do_debug_operation_dcc
                0x0000000000000000                __vfprintf = __vfprintf_float_long_long
                0x0000000000000000                __vfscanf = __vfscanf_float_long_long_cc
                0x00000000f0000000                __Peripherals_segment_start__ = 0xf0000000
                0x0000000000000000                __Peripherals_segment_end__ = 0x0
                0x0000000010000000                __Peripherals_segment_size__ = 0x10000000
                0x0000000080000000                __EBICS7_segment_start__ = 0x80000000
                0x0000000080000000                __EBICS7_segment_end__ = 0x80000000
                0x0000000000000000                __EBICS7_segment_size__ = 0x0
                0x0000000070000000                __EBICS6_segment_start__ = 0x70000000
                0x0000000070000000                __EBICS6_segment_end__ = 0x70000000
                0x0000000000000000                __EBICS6_segment_size__ = 0x0
                0x0000000060000000                __EBICS5_segment_start__ = 0x60000000
                0x0000000060000000                __EBICS5_segment_end__ = 0x60000000
                0x0000000000000000                __EBICS5_segment_size__ = 0x0
                0x0000000050000000                __EBICS4_segment_start__ = 0x50000000
                0x0000000050000000                __EBICS4_segment_end__ = 0x50000000
                0x0000000000000000                __EBICS4_segment_size__ = 0x0
                0x0000000040000000                __EBICS3_segment_start__ = 0x40000000
                0x0000000040000000                __EBICS3_segment_end__ = 0x40000000
                0x0000000000000000                __EBICS3_segment_size__ = 0x0
                0x0000000030000000                __EBICS2_segment_start__ = 0x30000000
                0x0000000030000000                __EBICS2_segment_end__ = 0x30000000
                0x0000000000000000                __EBICS2_segment_size__ = 0x0
                0x0000000020000000                __SDRAM_segment_start__ = 0x20000000
                0x0000000024000000                __SDRAM_segment_end__ = 0x24000000
                0x0000000004000000                __SDRAM_segment_size__ = 0x4000000
                0x0000000010000000                __EBICS0_segment_start__ = 0x10000000
                0x0000000010000000                __EBICS0_segment_end__ = 0x10000000
                0x0000000000000000                __EBICS0_segment_size__ = 0x0
                0x0000000000500000                __UHP_segment_start__ = 0x500000
                0x0000000000504000                __UHP_segment_end__ = 0x504000
                0x0000000000004000                __UHP_segment_size__ = 0x4000
                0x0000000000300000                __SRAM1_segment_start__ = 0x300000
                0x0000000000301000                __SRAM1_segment_end__ = 0x301000
                0x0000000000001000                __SRAM1_segment_size__ = 0x1000
                0x0000000000200000                __SRAM_segment_start__ = 0x200000
                0x0000000000201000                __SRAM_segment_end__ = 0x201000
                0x0000000000001000                __SRAM_segment_size__ = 0x1000
                0x0000000000100000                __ROM_segment_start__ = 0x100000
                0x0000000000108000                __ROM_segment_end__ = 0x108000
                0x0000000000008000                __ROM_segment_size__ = 0x8000
                0x0000000000000000                __Boot_segment_start__ = 0x0
                0x0000000000100000                __Boot_segment_end__ = 0x100000
                0x0000000000100000                __Boot_segment_size__ = 0x100000
                0x0000000000000400                __HEAPSIZE__ = 0x400
                0x0000000000000000                __STACKSIZE_ABT__ = 0x0
                0x0000000000000100                __STACKSIZE_FIQ__ = 0x100
                0x0000000000000100                __STACKSIZE_IRQ__ = 0x100
                0x0000000000000000                __STACKSIZE_SVC__ = 0x0
                0x0000000000000000                __STACKSIZE_UND__ = 0x0
                0x0000000000000400                __STACKSIZE__ = 0x400
                0x0000000000200000                __vectors_ram_load_start__ = __SRAM_segment_start__

.vectors_ram    0x0000000000200000       0x3c
                0x0000000000200000                __vectors_ram_start__ = .
 *(.vectors_ram .vectors_ram.*)
                0x000000000020003c                . = MAX ((__vectors_ram_start__ + 0x3c), .)
 *fill*         0x0000000000200000       0x3c 
                0x000000000020003c                __vectors_ram_end__ = (__vectors_ram_start__ + SIZEOF (.vectors_ram))
                0x000000000000003c                __vectors_ram_size__ = SIZEOF (.vectors_ram)
                0x000000000020003c                __vectors_ram_load_end__ = __vectors_ram_end__
                0x0000000000000001                . = ASSERT (((__vectors_ram_start__ == __vectors_ram_end__) || ((__vectors_ram_end__ - __SRAM_segment_start__) <= __SRAM_segment_size__)), error: .vectors_ram is too large to fit in SRAM memory segment)
                0x0000000020000000                __reserved_mmu_load_start__ = ALIGN (__SDRAM_segment_start__, 0x4)

.reserved_mmu   0x0000000020000000     0x4000
                0x0000000020000000                __reserved_mmu_start__ = .
 *(.reserved_mmu .reserved_mmu.*)
                0x0000000020004000                . = ALIGN (MAX ((__reserved_mmu_start__ + 0x4000), .), 0x4)
 *fill*         0x0000000020000000     0x4000 
                0x0000000020004000                __reserved_mmu_end__ = (__reserved_mmu_start__ + SIZEOF (.reserved_mmu))
                0x0000000000004000                __reserved_mmu_size__ = SIZEOF (.reserved_mmu)
                0x0000000020004000                __reserved_mmu_load_end__ = __reserved_mmu_end__
                0x0000000000000001                . = ASSERT (((__reserved_mmu_start__ == __reserved_mmu_end__) || ((__reserved_mmu_end__ - __SDRAM_segment_start__) <= __SDRAM_segment_size__)), error: .reserved_mmu is too large to fit in SDRAM memory segment)
                0x0000000020004000                __vectors_load_start__ = ALIGN (__reserved_mmu_end__, 0x4)

.vectors        0x0000000020004000       0x3c
                0x0000000020004000                __vectors_start__ = .
 *(.vectors .vectors.*)
 .vectors       0x0000000020004000       0x3c ethernet ARM Debug/AT91SAM9_Startup.o
                0x0000000020004000                _vectors
                0x000000002000403c                __vectors_end__ = (__vectors_start__ + SIZEOF (.vectors))
                0x000000000000003c                __vectors_size__ = SIZEOF (.vectors)
                0x000000002000403c                __vectors_load_end__ = __vectors_end__
                0x0000000000000001                . = ASSERT (((__vectors_start__ == __vectors_end__) || ((__vectors_end__ - __SDRAM_segment_start__) <= __SDRAM_segment_size__)), error: .vectors is too large to fit in SDRAM memory segment)
                0x000000002000403c                __init_load_start__ = ALIGN (__vectors_end__, 0x4)

.init           0x000000002000403c      0x364
                0x000000002000403c                __init_start__ = .
 *(.init .init.*)
 .init          0x000000002000403c      0x234 ethernet ARM Debug/crt0.o
                0x000000002000403c                _start
                0x000000002000403c                __start
                0x000000002000418c                exit
                0x00000000200041d8                memory_set
 .init          0x0000000020004270       0xec ethernet ARM Debug/AT91SAM9_Startup.o
                0x0000000020004270                reset_handler
                0x0000000020004318                undef_handler
                0x000000002000431c                swi_handler
                0x0000000020004320                pabort_handler
                0x0000000020004324                dabort_handler
 *fill*         0x000000002000435c        0x4 
 .init.libarm_mmu_flat_initialise_level_1_table
                0x0000000020004360       0x1c C:/Program Files/Rowley Associates Limited/CrossWorks for ARM 4.8/lib/libarm_v5te_a_le_eabi.a(libarm.o)
                0x0000000020004360                libarm_mmu_flat_initialise_level_1_table
 *fill*         0x000000002000437c        0x4 
 .init.libarm_mmu_flat_set_level_1_cacheable_region
                0x0000000020004380       0x20 C:/Program Files/Rowley Associates Limited/CrossWorks for ARM 4.8/lib/libarm_v5te_a_le_eabi.a(libarm.o)
                0x0000000020004380                libarm_mmu_flat_set_level_1_cacheable_region
                0x00000000200043a0                __init_end__ = (__init_start__ + SIZEOF (.init))
                0x0000000000000364                __init_size__ = SIZEOF (.init)
                0x00000000200043a0                __init_load_end__ = __init_end__
                0x0000000000000001                . = ASSERT (((__init_start__ == __init_end__) || ((__init_end__ - __SDRAM_segment_start__) <= __SDRAM_segment_size__)), error: .init is too large to fit in SDRAM memory segment)
                0x00000000200043a0                __text_load_start__ = ALIGN (__init_end__, 0x4)

.text           0x00000000200043a0      0x74c
                0x00000000200043a0                __text_start__ = .
 *(.text .text.* .glue_7t .glue_7 .gnu.linkonce.t.* .gcc_except_table .ARM.extab* .gnu.linkonce.armextab.*)
 .glue_7        0x00000000200043a0        0x0 linker stubs
 .glue_7t       0x00000000200043a0        0x0 linker stubs
 .text          0x00000000200043a0       0x60 ethernet ARM Debug/AIC_irq_handler.o
                0x00000000200043a0                irq_handler
                0x00000000200043e0                fiq_handler
 .text          0x0000000020004400      0x6ec ethernet ARM Debug/main.o
                0x0000000020004400                main
                0x0000000020004aec                __text_end__ = (__text_start__ + SIZEOF (.text))
                0x000000000000074c                __text_size__ = SIZEOF (.text)
                0x0000000020004aec                __text_load_end__ = __text_end__

.vfp11_veneer   0x0000000100000000        0x0
 .vfp11_veneer  0x0000000100000000        0x0 linker stubs

.v4_bx          0x0000000100000000        0x0
 .v4_bx         0x0000000100000000        0x0 linker stubs

.iplt           0x0000000100000000        0x0
 .iplt          0x0000000100000000        0x0 ethernet ARM Debug/crt0.o

.rel.dyn        0x0000000010000000        0x0
 .rel.iplt      0x0000000010000000        0x0 ethernet ARM Debug/crt0.o
                0x0000000000000001                . = ASSERT (((__text_start__ == __text_end__) || ((__text_end__ - __SDRAM_segment_start__) <= __SDRAM_segment_size__)), error: .text is too large to fit in SDRAM memory segment)
                0x0000000020004aec                __dtors_load_start__ = ALIGN (__text_end__, 0x4)

.dtors          0x0000000020004aec        0x0
                0x0000000020004aec                __dtors_start__ = .
 *(SORT_BY_NAME(.dtors.*))
 *(.dtors)
 *(.fini_array)
 *(SORT_BY_NAME(.fini_array.*))
                0x0000000020004aec                __dtors_end__ = (__dtors_start__ + SIZEOF (.dtors))
                0x0000000000000000                __dtors_size__ = SIZEOF (.dtors)
                0x0000000020004aec                __dtors_load_end__ = __dtors_end__
                0x0000000000000001                . = ASSERT (((__dtors_start__ == __dtors_end__) || ((__dtors_end__ - __SDRAM_segment_start__) <= __SDRAM_segment_size__)), error: .dtors is too large to fit in SDRAM memory segment)
                0x0000000020004aec                __ctors_load_start__ = ALIGN (__dtors_end__, 0x4)

.ctors          0x0000000020004aec        0x0
                0x0000000020004aec                __ctors_start__ = .
 *(SORT_BY_NAME(.ctors.*))
 *(.ctors)
 *(.init_array)
 *(SORT_BY_NAME(.init_array.*))
                0x0000000020004aec                __ctors_end__ = (__ctors_start__ + SIZEOF (.ctors))
                0x0000000000000000                __ctors_size__ = SIZEOF (.ctors)
                0x0000000020004aec                __ctors_load_end__ = __ctors_end__
                0x0000000000000001                . = ASSERT (((__ctors_start__ == __ctors_end__) || ((__ctors_end__ - __SDRAM_segment_start__) <= __SDRAM_segment_size__)), error: .ctors is too large to fit in SDRAM memory segment)
                0x0000000020004aec                __fast_load_start__ = ALIGN (__ctors_end__, 0x4)

.fast           0x000000000020003c        0x0 load address 0x0000000020004aec
                0x000000000020003c                __fast_start__ = .
 *(.fast .fast.*)
                0x000000000020003c                __fast_end__ = (__fast_start__ + SIZEOF (.fast))
                0x0000000000000000                __fast_size__ = SIZEOF (.fast)
                0x0000000020004aec                __fast_load_end__ = (__fast_load_start__ + SIZEOF (.fast))
                0x0000000000000001                . = ASSERT (((__fast_load_start__ == __fast_load_end__) || ((__fast_load_end__ - __SDRAM_segment_start__) <= __SDRAM_segment_size__)), error: .fast is too large to fit in SDRAM memory segment)

.fast_run       0x000000000020003c        0x0
                0x000000000020003c                __fast_run_start__ = .
                0x000000000020003c                __fast_run_end__ = (__fast_run_start__ + SIZEOF (.fast))
                0x0000000000000000                __fast_run_size__ = (__fast_run_end__ - __fast_run_start__)
                0x000000000020003c                __fast_run_load_end__ = __fast_run_end__
                0x000000000020003c                __SRAM_segment_used_end__ = (ALIGN (__vectors_ram_end__, 0x4) + SIZEOF (.fast_run))
                0x000000000000003c                __SRAM_segment_used_size__ = (__SRAM_segment_used_end__ - __SRAM_segment_start__)
                0x0000000000000001                . = ASSERT (((__fast_run_start__ == __fast_run_end__) || ((__fast_run_end__ - __SRAM_segment_start__) <= __SRAM_segment_size__)), error: .fast_run is too large to fit in SRAM memory segment)
                0x0000000020004aec                __data_load_start__ = ALIGN ((__fast_load_start__ + SIZEOF (.fast)), 0x4)

.data           0x0000000020004aec    0x44178
                0x0000000020004aec                __data_start__ = .
 *(.data .data.* .gnu.linkonce.d.*)
 *fill*         0x0000000020004aec        0x4 
 .data          0x0000000020004af0      0x174 ethernet ARM Debug/main.o
 .data          0x0000000020004c64    0x44000 ethernet ARM Debug/buffer.o
                0x0000000020004c64                rxbuffer
                0x0000000020024c64                txbuffer
                0x0000000020044c64                rxbufferlist
                0x0000000020046c64                txbufferlist
                0x0000000020048c64                __data_end__ = (__data_start__ + SIZEOF (.data))
                0x0000000000044178                __data_size__ = SIZEOF (.data)
                0x0000000020048c64                __data_load_end__ = __data_end__

.igot.plt       0x0000000100000000        0x0
 .igot.plt      0x0000000100000000        0x0 ethernet ARM Debug/crt0.o
                0x0000000000000001                . = ASSERT (((__data_start__ == __data_end__) || ((__data_end__ - __SDRAM_segment_start__) <= __SDRAM_segment_size__)), error: .data is too large to fit in SDRAM memory segment)
                0x0000000020048c64                __rodata_load_start__ = ALIGN (__data_end__, 0x4)

.rodata         0x0000000020048c64        0x0
                0x0000000020048c64                __rodata_start__ = .
 *(.rodata .rodata.* .gnu.linkonce.r.*)
                0x0000000020048c64                __rodata_end__ = (__rodata_start__ + SIZEOF (.rodata))
                0x0000000000000000                __rodata_size__ = SIZEOF (.rodata)
                0x0000000020048c64                __rodata_load_end__ = __rodata_end__
                0x0000000000000001                . = ASSERT (((__rodata_start__ == __rodata_end__) || ((__rodata_end__ - __SDRAM_segment_start__) <= __SDRAM_segment_size__)), error: .rodata is too large to fit in SDRAM memory segment)
                0x0000000020048c64                __ARM.exidx_load_start__ = ALIGN (__rodata_end__, 0x4)

.ARM.exidx      0x0000000020048c64        0x0
                0x0000000020048c64                __ARM.exidx_start__ = .
                0x0000000020048c64                __exidx_start = __ARM.exidx_start__
 *(.ARM.exidx .ARM.exidx.*)
                0x0000000020048c64                __ARM.exidx_end__ = (__ARM.exidx_start__ + SIZEOF (.ARM.exidx))
                0x0000000000000000                __ARM.exidx_size__ = SIZEOF (.ARM.exidx)
                0x0000000020048c64                __exidx_end = __ARM.exidx_end__
                0x0000000020048c64                __ARM.exidx_load_end__ = __ARM.exidx_end__
                0x0000000000000001                . = ASSERT (((__ARM.exidx_start__ == __ARM.exidx_end__) || ((__ARM.exidx_end__ - __SDRAM_segment_start__) <= __SDRAM_segment_size__)), error: .ARM.exidx is too large to fit in SDRAM memory segment)
                0x0000000020048c64                __bss_load_start__ = ALIGN (__ARM.exidx_end__, 0x4)

.bss            0x0000000020048c64        0x0
                0x0000000020048c64                __bss_start__ = .
 *(.bss .bss.* .gnu.linkonce.b.*)
 *(COMMON)
                0x0000000020048c64                __bss_end__ = (__bss_start__ + SIZEOF (.bss))
                0x0000000000000000                __bss_size__ = SIZEOF (.bss)
                0x0000000020048c64                __bss_load_end__ = __bss_end__
                0x0000000000000001                . = ASSERT (((__bss_start__ == __bss_end__) || ((__bss_end__ - __SDRAM_segment_start__) <= __SDRAM_segment_size__)), error: .bss is too large to fit in SDRAM memory segment)
                0x0000000020048c64                __non_init_load_start__ = ALIGN (__bss_end__, 0x4)

.non_init       0x0000000020048c64        0x0
                0x0000000020048c64                __non_init_start__ = .
 *(.non_init .non_init.*)
                0x0000000020048c64                __non_init_end__ = (__non_init_start__ + SIZEOF (.non_init))
                0x0000000000000000                __non_init_size__ = SIZEOF (.non_init)
                0x0000000020048c64                __non_init_load_end__ = __non_init_end__
                0x0000000000000001                . = ASSERT (((__non_init_start__ == __non_init_end__) || ((__non_init_end__ - __SDRAM_segment_start__) <= __SDRAM_segment_size__)), error: .non_init is too large to fit in SDRAM memory segment)
                0x0000000020048c64                __heap_load_start__ = ALIGN (__non_init_end__, 0x4)

.heap           0x0000000020048c64      0x400
                0x0000000020048c64                __heap_start__ = .
 *(.heap .heap.*)
                0x0000000020049064                . = ALIGN (MAX ((__heap_start__ + __HEAPSIZE__), .), 0x4)
 *fill*         0x0000000020048c64      0x400 
                0x0000000020049064                __heap_end__ = (__heap_start__ + SIZEOF (.heap))
                0x0000000000000400                __heap_size__ = SIZEOF (.heap)
                0x0000000020049064                __heap_load_end__ = __heap_end__
                0x0000000000000001                . = ASSERT (((__heap_start__ == __heap_end__) || ((__heap_end__ - __SDRAM_segment_start__) <= __SDRAM_segment_size__)), error: .heap is too large to fit in SDRAM memory segment)
                0x0000000020049064                __stack_load_start__ = ALIGN (__heap_end__, 0x4)

.stack          0x0000000020049064      0x400
                0x0000000020049064                __stack_start__ = .
 *(.stack .stack.*)
                0x0000000020049464                . = ALIGN (MAX ((__stack_start__ + __STACKSIZE__), .), 0x4)
 *fill*         0x0000000020049064      0x400 
                0x0000000020049464                __stack_end__ = (__stack_start__ + SIZEOF (.stack))
                0x0000000000000400                __stack_size__ = SIZEOF (.stack)
                0x0000000020049464                __stack_load_end__ = __stack_end__
                0x0000000000000001                . = ASSERT (((__stack_start__ == __stack_end__) || ((__stack_end__ - __SDRAM_segment_start__) <= __SDRAM_segment_size__)), error: .stack is too large to fit in SDRAM memory segment)
                0x0000000020049464                __stack_irq_load_start__ = ALIGN (__stack_end__, 0x4)

.stack_irq      0x0000000020049464      0x100
                0x0000000020049464                __stack_irq_start__ = .
 *(.stack_irq .stack_irq.*)
                0x0000000020049564                . = ALIGN (MAX ((__stack_irq_start__ + __STACKSIZE_IRQ__), .), 0x4)
 *fill*         0x0000000020049464      0x100 
                0x0000000020049564                __stack_irq_end__ = (__stack_irq_start__ + SIZEOF (.stack_irq))
                0x0000000000000100                __stack_irq_size__ = SIZEOF (.stack_irq)
                0x0000000020049564                __stack_irq_load_end__ = __stack_irq_end__
                0x0000000000000001                . = ASSERT (((__stack_irq_start__ == __stack_irq_end__) || ((__stack_irq_end__ - __SDRAM_segment_start__) <= __SDRAM_segment_size__)), error: .stack_irq is too large to fit in SDRAM memory segment)
                0x0000000020049564                __stack_fiq_load_start__ = ALIGN (__stack_irq_end__, 0x4)

.stack_fiq      0x0000000020049564      0x100
                0x0000000020049564                __stack_fiq_start__ = .
 *(.stack_fiq .stack_fiq.*)
                0x0000000020049664                . = ALIGN (MAX ((__stack_fiq_start__ + __STACKSIZE_FIQ__), .), 0x4)
 *fill*         0x0000000020049564      0x100 
                0x0000000020049664                __stack_fiq_end__ = (__stack_fiq_start__ + SIZEOF (.stack_fiq))
                0x0000000000000100                __stack_fiq_size__ = SIZEOF (.stack_fiq)
                0x0000000020049664                __stack_fiq_load_end__ = __stack_fiq_end__
                0x0000000000000001                . = ASSERT (((__stack_fiq_start__ == __stack_fiq_end__) || ((__stack_fiq_end__ - __SDRAM_segment_start__) <= __SDRAM_segment_size__)), error: .stack_fiq is too large to fit in SDRAM memory segment)
                0x0000000020049664                __stack_svc_load_start__ = ALIGN (__stack_fiq_end__, 0x4)

.stack_svc      0x0000000020049664        0x0
                0x0000000020049664                __stack_svc_start__ = .
 *(.stack_svc .stack_svc.*)
                0x0000000020049664                . = ALIGN (MAX ((__stack_svc_start__ + __STACKSIZE_SVC__), .), 0x4)
                0x0000000020049664                __stack_svc_end__ = (__stack_svc_start__ + SIZEOF (.stack_svc))
                0x0000000000000000                __stack_svc_size__ = SIZEOF (.stack_svc)
                0x0000000020049664                __stack_svc_load_end__ = __stack_svc_end__
                0x0000000000000001                . = ASSERT (((__stack_svc_start__ == __stack_svc_end__) || ((__stack_svc_end__ - __SDRAM_segment_start__) <= __SDRAM_segment_size__)), error: .stack_svc is too large to fit in SDRAM memory segment)
                0x0000000020049664                __stack_abt_load_start__ = ALIGN (__stack_svc_end__, 0x4)

.stack_abt      0x0000000020049664        0x0
                0x0000000020049664                __stack_abt_start__ = .
 *(.stack_abt .stack_abt.*)
                0x0000000020049664                . = ALIGN (MAX ((__stack_abt_start__ + __STACKSIZE_ABT__), .), 0x4)
                0x0000000020049664                __stack_abt_end__ = (__stack_abt_start__ + SIZEOF (.stack_abt))
                0x0000000000000000                __stack_abt_size__ = SIZEOF (.stack_abt)
                0x0000000020049664                __stack_abt_load_end__ = __stack_abt_end__
                0x0000000000000001                . = ASSERT (((__stack_abt_start__ == __stack_abt_end__) || ((__stack_abt_end__ - __SDRAM_segment_start__) <= __SDRAM_segment_size__)), error: .stack_abt is too large to fit in SDRAM memory segment)
                0x0000000020049664                __stack_und_load_start__ = ALIGN (__stack_abt_end__, 0x4)

.stack_und      0x0000000020049664        0x0
                0x0000000020049664                __stack_und_start__ = .
 *(.stack_und .stack_und.*)
                0x0000000020049664                . = ALIGN (MAX ((__stack_und_start__ + __STACKSIZE_UND__), .), 0x4)
                0x0000000020049664                __stack_und_end__ = (__stack_und_start__ + SIZEOF (.stack_und))
                0x0000000000000000                __stack_und_size__ = SIZEOF (.stack_und)
                0x0000000020049664                __stack_und_load_end__ = __stack_und_end__
                0x0000000000000001                . = ASSERT (((__stack_und_start__ == __stack_und_end__) || ((__stack_und_end__ - __SDRAM_segment_start__) <= __SDRAM_segment_size__)), error: .stack_und is too large to fit in SDRAM memory segment)
                0x0000000020049664                __tbss_load_start__ = ALIGN (__stack_und_end__, 0x4)

.tbss           0x0000000020049664        0x0
                0x0000000020049664                __tbss_start__ = .
 *(.tbss .tbss.*)
                0x0000000020049664                __tbss_end__ = (__tbss_start__ + SIZEOF (.tbss))
                0x0000000000000000                __tbss_size__ = SIZEOF (.tbss)
                0x0000000020049664                __tbss_load_end__ = __tbss_end__
                0x0000000000000001                . = ASSERT (((__tbss_start__ == __tbss_end__) || ((__tbss_end__ - __SDRAM_segment_start__) <= __SDRAM_segment_size__)), error: .tbss is too large to fit in SDRAM memory segment)
                0x0000000020049664                __tdata_load_start__ = ALIGN (__tbss_end__, 0x4)

.tdata          0x0000000020049664        0x0
                0x0000000020049664                __tdata_start__ = .
 *(.tdata .tdata.*)
                0x0000000020049664                __tdata_end__ = (__tdata_start__ + SIZEOF (.tdata))
                0x0000000000000000                __tdata_size__ = SIZEOF (.tdata)
                0x0000000020049664                __tdata_load_end__ = __tdata_end__
                0x0000000020049664                __SDRAM_segment_used_end__ = (ALIGN (__tbss_end__, 0x4) + SIZEOF (.tdata))
                0x0000000000049664                __SDRAM_segment_used_size__ = (__SDRAM_segment_used_end__ - __SDRAM_segment_start__)
                0x0000000000000001                . = ASSERT (((__tdata_start__ == __tdata_end__) || ((__tdata_end__ - __SDRAM_segment_start__) <= __SDRAM_segment_size__)), error: .tdata is too large to fit in SDRAM memory segment)
START GROUP
LOAD ethernet ARM Debug/crt0.o
LOAD ethernet ARM Debug/ARMDIDebugHandler.o
LOAD ethernet ARM Debug/AT91SAM9_Startup.o
LOAD ethernet ARM Debug/AIC.o
LOAD ethernet ARM Debug/AIC_irq_handler.o
LOAD ethernet ARM Debug/AT91SAM9260_EK.o
LOAD ethernet ARM Debug/main.o
LOAD ethernet ARM Debug/buffer.o
LOAD C:/Program Files/Rowley Associates Limited/CrossWorks for ARM 4.8/lib/libm_v5te_a_le_eabi.a
LOAD C:/Program Files/Rowley Associates Limited/CrossWorks for ARM 4.8/lib/libc_v5te_a_le_eabi.a
LOAD C:/Program Files/Rowley Associates Limited/CrossWorks for ARM 4.8/lib/libdebugio_v5te_a_le_eabi.a
LOAD C:/Program Files/Rowley Associates Limited/CrossWorks for ARM 4.8/lib/libarm_v5te_a_le_eabi.a
END GROUP
OUTPUT(ethernet ARM Debug/ethernet.elf elf32-littlearm)
LOAD linker stubs

.ARM.attributes
                0x0000000000000000       0x2a
 .ARM.attributes
                0x0000000000000000       0x1b ethernet ARM Debug/crt0.o
 .ARM.attributes
                0x000000000000001b       0x1b ethernet ARM Debug/AT91SAM9_Startup.o
 .ARM.attributes
                0x0000000000000036       0x1b ethernet ARM Debug/AIC_irq_handler.o
 .ARM.attributes
                0x0000000000000051       0x1b ethernet ARM Debug/main.o
 .ARM.attributes
                0x000000000000006c       0x1b ethernet ARM Debug/buffer.o
 .ARM.attributes
                0x0000000000000087       0x1b C:/Program Files/Rowley Associates Limited/CrossWorks for ARM 4.8/lib/libarm_v5te_a_le_eabi.a(libarm.o)

.debug_line     0x0000000000000000      0x629
 .debug_line    0x0000000000000000      0x217 ethernet ARM Debug/crt0.o
 .debug_line    0x0000000000000217       0xe0 ethernet ARM Debug/AT91SAM9_Startup.o
 .debug_line    0x00000000000002f7       0xc4 ethernet ARM Debug/AIC_irq_handler.o
 .debug_line    0x00000000000003bb      0x26e ethernet ARM Debug/main.o

.debug_info     0x0000000000000000       0x8b
 .debug_info    0x0000000000000000       0x22 ethernet ARM Debug/crt0.o
 .debug_info    0x0000000000000022       0x22 ethernet ARM Debug/AT91SAM9_Startup.o
 .debug_info    0x0000000000000044       0x23 ethernet ARM Debug/AIC_irq_handler.o
 .debug_info    0x0000000000000067       0x24 ethernet ARM Debug/main.o

.debug_abbrev   0x0000000000000000       0x4c
 .debug_abbrev  0x0000000000000000       0x12 ethernet ARM Debug/crt0.o
 .debug_abbrev  0x0000000000000012       0x12 ethernet ARM Debug/AT91SAM9_Startup.o
 .debug_abbrev  0x0000000000000024       0x14 ethernet ARM Debug/AIC_irq_handler.o
 .debug_abbrev  0x0000000000000038       0x14 ethernet ARM Debug/main.o

.debug_aranges  0x0000000000000000      0x100
 .debug_aranges
                0x0000000000000000       0x98 ethernet ARM Debug/crt0.o
 .debug_aranges
                0x0000000000000098       0x28 ethernet ARM Debug/AT91SAM9_Startup.o
 .debug_aranges
                0x00000000000000c0       0x20 ethernet ARM Debug/AIC_irq_handler.o
 .debug_aranges
                0x00000000000000e0       0x20 ethernet ARM Debug/main.o

.debug_str      0x0000000000000000      0x180
 .debug_str     0x0000000000000000       0x81 ethernet ARM Debug/crt0.o
 .debug_str     0x0000000000000081       0x49 ethernet ARM Debug/AT91SAM9_Startup.o
                                         0x8d (size before relaxing)
 .debug_str     0x00000000000000ca       0x79 ethernet ARM Debug/AIC_irq_handler.o
                                         0xbd (size before relaxing)
 .debug_str     0x0000000000000143       0x3d ethernet ARM Debug/main.o
                                         0x81 (size before relaxing)

.debug_ranges   0x0000000000000000       0xb0
 .debug_ranges  0x0000000000000000       0x90 ethernet ARM Debug/crt0.o
 .debug_ranges  0x0000000000000090       0x20 ethernet ARM Debug/AT91SAM9_Startup.o
